src/components/MultiSelect.tsx(34,3): error TS6133: 'filters' is declared but its value is never read.
src/components/QueueCallListening.tsx(106,15): error TS6133: 'currentTime' is declared but its value is never read.
